<?xml version="1.0" encoding="UTF-8" ?>
<testsuites name="vitest tests" tests="1" failures="0" errors="0" time="0.017789989">
    <testsuite name="src/pages/Home/HomePage.test.tsx" timestamp="2025-06-07T15:08:50.961Z" hostname="undefined-MS-7D46" tests="1" failures="0" errors="0" skipped="0" time="0.017789989">
        <testcase classname="src/pages/Home/HomePage.test.tsx" name="HomePage &gt; renders the &quot;Welcome&quot; text" time="0.016824309">
        </testcase>
    </testsuite>
</testsuites>
